R2_RESUME_PRESERVE_EXISTING_CLEAN_ONLY_PASS
R2_RESUME_PRESERVE_EXISTING_CLEAN_ABLATIONS_PARTIAL_PASS
EXEC /home/ubuntu/projects/gnss-doppler-lab/.venv/bin/python scripts/run_gcspo_clean_a5.py --artifact-dir /home/ubuntu/ssd_data/gnss-early-detection/artifacts/gcspo_stage0_r2_runner_simulation --clean-root /home/ubuntu/ssd_data/gnss-early-detection/artifacts/texbat-clean-graph-input-v2/receiver/cleanStatic-complex9 --workers 1 --backend cuda
A5_BACKEND_PASS requested=cuda resolved=cuda device=NVIDIA RTX A6000
A5_LAMBDA_PASS windows=117 lambda=100.0
A5_CALIBRATION_PASS windows=237
A5_CLEAN_PASS calibration=237 holdout=237
EXEC /home/ubuntu/projects/gnss-doppler-lab/.venv/bin/python scripts/run_gcspo_clean_b0.py --artifact-dir /home/ubuntu/ssd_data/gnss-early-detection/artifacts/gcspo_stage0_r2_runner_simulation --clean-root /home/ubuntu/ssd_data/gnss-early-detection/artifacts/texbat-clean-graph-input-v2/receiver/cleanStatic-complex9
{
  "checkpoint_provenance": {
    "checkpoint_sha256": "f171bf0b2084e617c15ab6af72ef930539a4b8fddb120b5aa8f43a6339c96a6b",
    "node_feature_columns": [
      "tap_E4_rel_prompt_mean",
      "tap_E3_rel_prompt_mean",
      "tap_E2_rel_prompt_mean",
      "tap_E_rel_prompt_mean",
      "tap_P_rel_prompt_mean",
      "tap_L_rel_prompt_mean",
      "tap_L2_rel_prompt_mean",
      "tap_L3_rel_prompt_mean",
      "tap_L4_rel_prompt_mean"
    ]
  },
  "clean_metrics_max_pfa0_1_q999": {
    "any_false_positive": true,
    "false_positive_exceedance_rate": 0.01762114537444934,
    "false_positive_flags": 8,
    "threshold": 2.6779066314697273,
    "windows": 454
  },
  "clean_metrics_max_pfa0_5_q995": {
    "any_false_positive": true,
    "false_positive_exceedance_rate": 0.022026431718061675,
    "false_positive_flags": 10,
    "threshold": 2.3321437692642224,
    "windows": 454
  },
  "clean_metrics_max_pfa10_q90": {
    "any_false_positive": true,
    "false_positive_exceedance_rate": 0.31938325991189426,
    "false_positive_flags": 145,
    "threshold": 0.30063047707080837,
    "windows": 454
  },
  "clean_metrics_max_pfa1_q99": {
    "any_false_positive": true,
    "false_positive_exceedance_rate": 0.030837004405286344,
    "false_positive_flags": 14,
    "threshold": 1.9537145757675163,
    "windows": 454
  },
  "clean_metrics_max_pfa5_q95": {
    "any_false_positive": true,
    "false_positive_exceedance_rate": 0.2290748898678414,
    "false_positive_flags": 104,
    "threshold": 0.3718581959605216,
    "windows": 454
  },
  "clean_metrics_top3_pfa0_1_q999": {
    "any_false_positive": false,
    "false_positive_exceedance_rate": 0.0,
    "false_positive_flags": 0,
    "threshold": 2.6779066314697273,
    "windows": 454
  },
  "clean_metrics_top3_pfa0_5_q995": {
    "any_false_positive": false,
    "false_positive_exceedance_rate": 0.0,
    "false_positive_flags": 0,
    "threshold": 2.3321437692642224,
    "windows": 454
  },
  "clean_metrics_top3_pfa10_q90": {
    "any_false_positive": true,
    "false_positive_exceedance_rate": 0.14977973568281938,
    "false_positive_flags": 68,
    "threshold": 0.30063047707080837,
    "windows": 454
  },
  "clean_metrics_top3_pfa1_q99": {
    "any_false_positive": false,
    "false_positive_exceedance_rate": 0.0,
    "false_positive_flags": 0,
    "threshold": 1.9537145757675163,
    "windows": 454
  },
  "clean_metrics_top3_pfa5_q95": {
    "any_false_positive": true,
    "false_positive_exceedance_rate": 0.10792951541850221,
    "false_positive_flags": 49,
    "threshold": 0.3718581959605216,
    "windows": 454
  },
  "dataset": "cleanStatic",
  "evaluation": {
    "kind": "clean_negative_control"
  },
  "event_score_csv": "/home/ubuntu/ssd_data/gnss-early-detection/artifacts/.gcspo_stage0_r2_runner_simulation.b0_clean_recomputed/gcspo_b0_cleanStatic_prn_local_event_scores.csv",
  "model": "/home/ubuntu/projects/gnss-doppler-gcspo-stage0-r2-runner-simulation/artifacts/ai_morph_gru_cleanStatic_q70_frame/prn_local_gru_predictor.pt",
  "node_csv": "/home/ubuntu/ssd_data/gnss-early-detection/artifacts/.gcspo_stage0_r2_runner_simulation.b0_clean_recomputed/scheduled_node_windows.csv",
  "normal_prn_thresholds": {
    "pfa0_1_q999": 2.6779066314697273,
    "pfa0_5_q995": 2.3321437692642224,
    "pfa10_q90": 0.30063047707080837,
    "pfa1_q99": 1.9537145757675163,
    "pfa5_q95": 0.3718581959605216
  },
  "prn_score_csv": "/home/ubuntu/ssd_data/gnss-early-detection/artifacts/.gcspo_stage0_r2_runner_simulation.b0_clean_recomputed/gcspo_b0_cleanStatic_prn_local_scores.csv",
  "rows": {
    "event_windows": 454,
    "prn_scores": 4808
  },
  "scenario": "cleanStatic",
  "schema": "gnss-doppler-lab.prn-local-node-only-summary",
  "score_summary": {
    "prn_node_rmse_max": {
      "50%": 0.24080153554677963,
      "90%": 0.8349753797054289,
      "95%": 1.5252999186515797,
      "99%": 3.57059022426605,
      "count": 454.0,
      "max": 4.620010852813721,
      "mean": 0.4249626732378016,
      "min": 0.09149627387523651,
      "std": 0.593246540500529
    },
    "prn_node_rmse_mean": {
      "50%": 0.09971130434423685,
      "90%": 0.1633314986459233,
      "95%": 0.2184962535784998,
      "99%": 0.3974189856648444,
      "count": 454.0,
      "max": 0.4974959238686345,
      "mean": 0.11531955110012491,
      "min": 0.0639423994347453,
      "std": 0.057219976446955235
    },
    "prn_node_rmse_top3_mean": {
      "50%": 0.18134731675187749,
      "90%": 0.38667909801006317,
      "95%": 0.6093462184071523,
      "99%": 1.296771900479992,
      "count": 454.0,
      "max": 1.6142604673902194,
      "mean": 0.24224310727699738,
      "min": 0.09086197366317113,
      "std": 0.20499526806549193
    }
  },
  "timing_contract": {
    "interpretation": "scores timestamped at frozen window start become available one full window later",
    "score_time_field": "window_start_s",
    "window_availability_offset_s": 1.0,
    "window_duration_s": 1.0
  }
}
B0_EXACT_CLEAN_PASS calibration=112 holdout=204
R2_CLEANSTATIC_NORMAL_MODEL_PASS {'Full_q99': 0.07172995780590717, 'Full_q99_5': 0.06751054852320675, 'B0_q99': 0.12745098039215685}
